#
# There is insufficient memory for the Java Runtime Environment to continue.
# Native memory allocation (mmap) failed to map 58720256 bytes. Error detail: G1 virtual space
# Possible reasons:
#   The system is out of physical RAM or swap space
#   This process is running with CompressedOops enabled, and the Java Heap may be blocking the growth of the native heap
# Possible solutions:
#   Reduce memory load on the system
#   Increase physical memory or swap space
#   Check if swap backing store is full
#   Decrease Java heap size (-Xmx/-Xms)
#   Decrease number of Java threads
#   Decrease Java thread stack sizes (-Xss)
#   Set larger code cache with -XX:ReservedCodeCacheSize=
#   JVM is running with Zero Based Compressed Oops mode in which the Java heap is
#     placed in the first 32GB address space. The Java Heap base address is the
#     maximum limit for the native heap growth. Please use -XX:HeapBaseMinAddress
#     to set the Java Heap base and to place the Java Heap above 32GB virtual address.
# This output file may be truncated or incomplete.
#
#  Out of Memory Error (os_windows.cpp:3583), pid=25852, tid=26432
#
# JRE version: Java(TM) SE Runtime Environment (26.0.1+8) (build 26.0.1+8-34)
# Java VM: Java HotSpot(TM) 64-Bit Server VM (26.0.1+8-34, mixed mode, emulated-client, sharing, tiered, compressed oops, compressed class ptrs, g1 gc, windows-amd64)
# No core dump will be written. Minidumps are not enabled by default on client versions of Windows
#

---------------  S U M M A R Y ------------

Command Line: -XX:TieredStopAtLevel=1 -Dspring.output.ansi.enabled=always -Dcom.sun.management.jmxremote -Dspring.jmx.enabled=true -Dspring.liveBeansView.mbeanDomain -Dspring.application.admin.enabled=true -Dmanagement.endpoints.jmx.exposure.include=* -javaagent:C:\Program Files\JetBrains\IntelliJ IDEA 2026.1.3\lib\idea_rt.jar=58296 -Dfile.encoding=UTF-8 -Dsun.stdout.encoding=UTF-8 -Dsun.stderr.encoding=UTF-8 com.email.writer.sb.Application

Host: 12th Gen Intel(R) Core(TM) i5-12450H, 12 cores, 15G,  Windows 11 , 64 bit Build 26100 (10.0.26100.8875)
Time: Wed Aug  5 19:18:09 2026 India Standard Time elapsed time: 3.623850 seconds (0d 0h 0m 3s)

---------------  T H R E A D  ---------------

Current thread (0x0000021e86d5e590):  VMThread "VM Thread"          [id=26432, stack(0x000000ec65200000,0x000000ec65300000) (1024K)]

Stack: [0x000000ec65200000,0x000000ec65300000]
Native frames: (J=compiled Java code, j=interpreted, Vv=VM code, C=native code)
V  [jvm.dll+0x7d5879]  (no source info available)
V  [jvm.dll+0x7a37dd]  (no source info available)
V  [jvm.dll+0x9b0c10]  (no source info available)
V  [jvm.dll+0x9b3061]  (no source info available)
V  [jvm.dll+0x9b3773]  (no source info available)
V  [jvm.dll+0x30df76]  (no source info available)
V  [jvm.dll+0x7d4d45]  (no source info available)
V  [jvm.dll+0x7c7f07]  (no source info available)
V  [jvm.dll+0x4087e8]  (no source info available)
V  [jvm.dll+0x410b56]  (no source info available)
V  [jvm.dll+0x3fcef4]  (no source info available)
V  [jvm.dll+0x3fd1e5]  (no source info available)
V  [jvm.dll+0x3d3b6f]  (no source info available)
V  [jvm.dll+0x3d6ddc]  (no source info available)
V  [jvm.dll+0x4223ec]  (no source info available)
V  [jvm.dll+0x420d33]  (no source info available)
V  [jvm.dll+0x3d3308]  (no source info available)
V  [jvm.dll+0x4200f3]  (no source info available)
V  [jvm.dll+0x9b9c21]  (no source info available)
V  [jvm.dll+0x9babeb]  (no source info available)
V  [jvm.dll+0x9bb0fc]  (no source info available)
V  [jvm.dll+0x9bb579]  (no source info available)
V  [jvm.dll+0x9bb823]  (no source info available)
V  [jvm.dll+0x94f649]  (no source info available)
V  [jvm.dll+0x7d7358]  (no source info available)
C  [ucrtbase.dll+0x2cd30]  (no source info available)
C  [KERNEL32.DLL+0x2e957]  (no source info available)
C  [ntdll.dll+0xaad6c]  (no source info available)

VM_Operation (0x000000ec64af9768): G1CollectForAllocation, mode: safepoint, requested by thread 0x0000021ef08f7d70


---------------  P R O C E S S  ---------------

Threads class SMR info:
_java_thread_list=0x0000021e8c8accb0, length=18, elements={
0x0000021ef08f7d70, 0x0000021e86ea6dc0, 0x0000021e86ea7570, 0x0000021e86ead140,
0x0000021e86eadcf0, 0x0000021e86eb06d0, 0x0000021e86eb39c0, 0x0000021e86ec3290,
0x0000021e8728bca0, 0x0000021e86eb68a0, 0x0000021e86eb8010, 0x0000021e86eb7840,
0x0000021e87c68810, 0x0000021e87c6a9f0, 0x0000021e87c6d050, 0x0000021e87c6ff30,
0x0000021e87c6c880, 0x0000021e87c70700
}

Java Threads: ( => current thread )
  0x0000021ef08f7d70 JavaThread "main"                              [_thread_blocked, id=19228, stack(0x000000ec64a00000,0x000000ec64b00000) (1024K)]
  0x0000021e86ea6dc0 JavaThread "Reference Handler"          daemon [_thread_blocked, id=24336, stack(0x000000ec65300000,0x000000ec65400000) (1024K)]
  0x0000021e86ea7570 JavaThread "Finalizer"                  daemon [_thread_blocked, id=29120, stack(0x000000ec65400000,0x000000ec65500000) (1024K)]
  0x0000021e86ead140 JavaThread "Signal Dispatcher"          daemon [_thread_blocked, id=28616, stack(0x000000ec65500000,0x000000ec65600000) (1024K)]
  0x0000021e86eadcf0 JavaThread "Attach Listener"            daemon [_thread_blocked, id=14036, stack(0x000000ec65600000,0x000000ec65700000) (1024K)]
  0x0000021e86eb06d0 JavaThread "Service Thread"             daemon [_thread_blocked, id=25372, stack(0x000000ec65700000,0x000000ec65800000) (1024K)]
  0x0000021e86eb39c0 JavaThread "Monitor Deflation Thread"   daemon [_thread_blocked, id=28464, stack(0x000000ec65800000,0x000000ec65900000) (1024K)]
  0x0000021e86ec3290 JavaThread "C1 CompilerThread0"         daemon [_thread_blocked, id=17520, stack(0x000000ec65900000,0x000000ec65a00000) (1024K)]
  0x0000021e8728bca0 JavaThread "C1 CompilerThread1"         daemon [_thread_blocked, id=28956, stack(0x000000ec65a00000,0x000000ec65b00000) (1024K)]
  0x0000021e86eb68a0 JavaThread "Common-Cleaner"             daemon [_thread_blocked, id=24632, stack(0x000000ec65b00000,0x000000ec65c00000) (1024K)]
  0x0000021e86eb8010 JavaThread "Monitor Ctrl-Break"         daemon [_thread_in_native, id=22564, stack(0x000000ec65d00000,0x000000ec65e00000) (1024K)]
  0x0000021e86eb7840 JavaThread "Notification Thread"        daemon [_thread_blocked, id=17224, stack(0x000000ec65e00000,0x000000ec65f00000) (1024K)]
  0x0000021e87c68810 JavaThread "C1 CompilerThread2"         daemon [_thread_blocked, id=26884, stack(0x000000ec65f00000,0x000000ec66000000) (1024K)]
  0x0000021e87c6a9f0 JavaThread "C1 CompilerThread3"         daemon [_thread_blocked, id=21572, stack(0x000000ec66000000,0x000000ec66100000) (1024K)]
  0x0000021e87c6d050 JavaThread "RMI TCP Accept-0"           daemon [_thread_blocked, id=26068, stack(0x000000ec66100000,0x000000ec66200000) (1024K)]
  0x0000021e87c6ff30 JavaThread "RMI TCP Connection(1)-192.168.1.203" daemon [_thread_blocked, id=5152, stack(0x000000ec66200000,0x000000ec66300000) (1024K)]
  0x0000021e87c6c880 JavaThread "RMI Scheduler(0)"           daemon [_thread_blocked, id=4932, stack(0x000000ec66300000,0x000000ec66400000) (1024K)]
  0x0000021e87c70700 JavaThread "JMX server connection timeout 33" daemon [_thread_blocked, id=2648, stack(0x000000ec66400000,0x000000ec66500000) (1024K)]
Total: 18

Other Threads:
=>0x0000021e86d5e590 VMThread "VM Thread"                           [id=26432, stack(0x000000ec65200000,0x000000ec65300000) (1024K)]
  0x0000021e86e85bf0 WatcherThread "VM Periodic Task Thread"        [id=29020, stack(0x000000ec65100000,0x000000ec65200000) (1024K)]
  0x0000021ef2d77560 WorkerThread "GC Thread#0"                     [id=21996, stack(0x000000ec64b00000,0x000000ec64c00000) (1024K)]
  0x0000021e86d5ee30 WorkerThread "GC Thread#1"                     [id=27308, stack(0x000000ec65c00000,0x000000ec65d00000) (1024K)]
  0x0000021e87dfe620 WorkerThread "GC Thread#2"                     [id=25276, stack(0x000000ec66500000,0x000000ec66600000) (1024K)]
  0x0000021e87e01590 WorkerThread "GC Thread#3"                     [id=27104, stack(0x000000ec66600000,0x000000ec66700000) (1024K)]
  0x0000021e87dfe1d0 WorkerThread "GC Thread#4"                     [id=15860, stack(0x000000ec66700000,0x000000ec66800000) (1024K)]
  0x0000021e87e01140 WorkerThread "GC Thread#5"                     [id=11944, stack(0x000000ec66800000,0x000000ec66900000) (1024K)]
  0x0000021e87dff310 WorkerThread "GC Thread#6"                     [id=12512, stack(0x000000ec66900000,0x000000ec66a00000) (1024K)]
  0x0000021e87dfea70 WorkerThread "GC Thread#7"                     [id=13900, stack(0x000000ec66a00000,0x000000ec66b00000) (1024K)]
  0x0000021e87e019e0 WorkerThread "GC Thread#8"                     [id=27448, stack(0x000000ec66b00000,0x000000ec66c00000) (1024K)]
  0x0000021e87dfeec0 WorkerThread "GC Thread#9"                     [id=17948, stack(0x000000ec66d00000,0x000000ec66e00000) (1024K)]
  0x0000021ef2d8ff60 ConcurrentGCThread "G1 Main Marker"            [id=21312, stack(0x000000ec64c00000,0x000000ec64d00000) (1024K)]
  0x0000021ef2d91b40 WorkerThread "G1 Conc#0"                       [id=24560, stack(0x000000ec64d00000,0x000000ec64e00000) (1024K)]
  0x0000021e86d3fa70 WorkerThread "G1 Refinement Workers#0"         [id=25828, stack(0x000000ec64f00000,0x000000ec65000000) (1024K)]
  0x0000021e86d3d1f0 ConcurrentGCThread "G1 Refine Control"         [id=3888, stack(0x000000ec64e00000,0x000000ec64f00000) (1024K)]
  0x0000021e86d412a0 ConcurrentGCThread "G1 Service"                [id=11436, stack(0x000000ec65000000,0x000000ec65100000) (1024K)]
Total: 17

Threads with active compile tasks:
C1 CompilerThread0  3797 2743       1       java.util.concurrent.ThreadLocalRandom::getProbe (18 bytes)
Total: 1

VM state: at safepoint (normal execution)

VM Mutex/Monitor currently owned by a thread:  ([mutex/lock_event])
[0x00007ffd13e9ed08] Threads_lock - owner thread: 0x0000021e86d5e590
[0x00007ffd13e9ef88] Heap_lock - owner thread: 0x0000021ef08f7d70

Heap address: 0x0000000704800000, size: 4024 MB, Compressed Oops mode: Zero based, Oop shift amount: 3

CDS archive(s) mapped at: [0x000000008a000000-0x000000008ade0000-0x000000008ade0000), size 14548992, SharedBaseAddress: 0x000000008a000000, ArchiveRelocationMode: 1.
Compressed class space mapped at: 0x000000008b000000-0x00000000cb000000, reserved size: 1073741824
UseCompressedClassPointers 1, UseCompactObjectHeaders 0
Narrow klass pointer bits 32, Max shift 3
Narrow klass base: 0x000000008a000000, Narrow klass shift: 0
Encoding Range: [0x000000008a000000 - 0x000000018a000000), (4294967296 bytes)
Klass Range:    [0x000000008a000000 - 0x00000000cb000000), (1090519040 bytes)
Klass ID Range:  [8 - 1090519033) (1090519025)
Protection zone: [0x000000008a000000 - 0x000000008a010000), (65536 bytes)

GC Precious Log:
 CardTable entry size: 512
 Card Set container configuration: InlinePtr #cards 4 size 8 Array Of Cards #cards 16 size 48 Howl #buckets 8 coarsen threshold 3686 Howl Bitmap #cards 512 size 80 coarsen threshold 460 Card regions per heap region 1 cards per card region 4096
 CPUs: 12 total, 12 available
 Memory: 16088M
 Large Page Support: Disabled
 NUMA Support: Disabled
 Compressed Oops: Enabled (Zero based)
 Heap Region Size: 2M
 Heap Min Capacity: 8M
 Heap Initial Capacity: 8M
 Heap Max Capacity: 4024M
 Pre-touch: Disabled
 Parallel Workers: 10
 Concurrent Workers: 3
 Concurrent Refinement Workers: 10
 Periodic GC: Disabled

Heap:
 garbage-first heap   total reserved 4120576K, committed 36864K, used 10041K [0x0000000704800000, 0x0000000800000000)
  region size 2M, 0 eden (0M), 2 survivor (4M), 5 old (10M), 0 humongous (0M), 11 free (22M)

Heap Regions: E=young(eden), S=young(survivor), O=old, HS=humongous(starts), HC=humongous(continues), CS=collection set, F=free, TAMS=top-at-mark-start, PB=parsable bottom
|    0|0x0000000704800000, 0x0000000704a00000, 0x0000000704a00000|100%| O|  |TAMS 0x0000000704800000| PB 0x0000000704800000| Untracked |  0
|    1|0x0000000704a00000, 0x0000000704c00000, 0x0000000704c00000|100%| O|  |TAMS 0x0000000704a00000| PB 0x0000000704a00000| Untracked |  0
|    2|0x0000000704c00000, 0x0000000704c7b300, 0x0000000704e00000| 24%| O|  |TAMS 0x0000000704c00000| PB 0x0000000704c00000| Untracked |  0
|    3|0x0000000704e00000, 0x0000000704e2a448, 0x0000000705000000|  8%| S|CS|TAMS 0x0000000704e00000| PB 0x0000000704e00000| Complete  |  0
|    4|0x0000000705000000, 0x0000000705200000, 0x0000000705200000|100%| S|CS|TAMS 0x0000000705000000| PB 0x0000000705000000| Complete  |  0
|    5|0x0000000705200000, 0x0000000705200000, 0x0000000705400000|  0%| F|  |TAMS 0x0000000705200000| PB 0x0000000705200000| Untracked |  0
|    6|0x0000000705400000, 0x0000000705400000, 0x0000000705600000|  0%| F|  |TAMS 0x0000000705400000| PB 0x0000000705400000| Untracked |  0
|    7|0x0000000705600000, 0x0000000705600000, 0x0000000705800000|  0%| F|  |TAMS 0x0000000705600000| PB 0x0000000705600000| Untracked |  0
|    8|0x0000000705800000, 0x0000000705800000, 0x0000000705a00000|  0%| F|  |TAMS 0x0000000705800000| PB 0x0000000705800000| Untracked |  0
|    9|0x0000000705a00000, 0x0000000705a00000, 0x0000000705c00000|  0%| F|  |TAMS 0x0000000705a00000| PB 0x0000000705a00000| Untracked |  0
|   10|0x0000000705c00000, 0x0000000705c00000, 0x0000000705e00000|  0%| F|  |TAMS 0x0000000705c00000| PB 0x0000000705c00000| Untracked |  0
|   11|0x0000000705e00000, 0x0000000705e00000, 0x0000000706000000|  0%| F|  |TAMS 0x0000000705e00000| PB 0x0000000705e00000| Untracked |  0
|   12|0x0000000706000000, 0x0000000706000000, 0x0000000706200000|  0%| F|  |TAMS 0x0000000706000000| PB 0x0000000706000000| Untracked |  0
|   13|0x0000000706200000, 0x0000000706200000, 0x0000000706400000|  0%| F|  |TAMS 0x0000000706200000| PB 0x0000000706200000| Untracked |  0
|   14|0x0000000706400000, 0x0000000706400000, 0x0000000706600000|  0%| F|  |TAMS 0x0000000706400000| PB 0x0000000706400000| Untracked |  0
|   15|0x0000000706600000, 0x0000000706600000, 0x0000000706800000|  0%| F|  |TAMS 0x0000000706600000| PB 0x0000000706600000| Untracked |  0
| 2010|0x00000007ffc00000, 0x00000007ffe00000, 0x00000007ffe00000|100%| O|  |TAMS 0x00000007ffc00000| PB 0x00000007ffc00000| Untracked |  0
| 2011|0x00000007ffe00000, 0x00000007fff28d80, 0x0000000800000000| 57%| O|  |TAMS 0x00000007ffe00000| PB 0x00000007ffe00000| Untracked |  0

Card table byte_map: [0x0000021e80000000,0x0000021e807e0000] _byte_map_base: 0x0000021e7c7dc000
Refinement table byte_map: [0x0000021eff6f0000,0x0000021effed0000] _byte_map_base: 0x0000021efbecc000

Marking Bits: (CMBitMap*) 0x0000021ef2d77ce0
 Bits: [0x0000021e807e0000, 0x0000021e846c0000)

Polling page: 0x0000021ef0b10000

Metaspace:
Metaspace        used 19015K, committed 19392K, reserved 1114112K
 class space     used 2626K, committed 2752K, reserved 1048576K

Usage:
  Non-class:     16.00 MB used.
      Class:      2.57 MB used.
       Both:     18.57 MB used.

Virtual space:
  Non-class space:       64.00 MB reserved,      16.25 MB ( 25%) committed,  1 nodes.
      Class space:        1.00 GB reserved,       2.69 MB ( <1%) committed,  1 nodes.
             Both:        1.06 GB reserved,      18.94 MB (  2%) committed. 

Chunk freelists:
   Non-Class:  15.67 MB
       Class:  13.20 MB
        Both:  28.88 MB

MaxMetaspaceSize: unlimited
CompressedClassSpaceSize: 1.00 GB
Initial GC threshold: 21.00 MB
Current GC threshold: 21.00 MB
CDS: on
 - commit_granule_bytes: 65536.
 - commit_granule_words: 8192.
 - virtual_space_node_default_size: 8388608.
 - enlarge_chunks_in_place: 1.
UseCompressedClassPointers 1, UseCompactObjectHeaders 0
Narrow klass pointer bits 32, Max shift 3
Narrow klass base: 0x000000008a000000, Narrow klass shift: 0
Encoding Range: [0x000000008a000000 - 0x000000018a000000), (4294967296 bytes)
Klass Range:    [0x000000008a000000 - 0x00000000cb000000), (1090519040 bytes)
Klass ID Range:  [8 - 1090519033) (1090519025)
Protection zone: [0x000000008a000000 - 0x000000008a010000), (65536 bytes)


Internal statistics:

num_allocs_failed_limit: 0.
num_arena_births: 334.
num_arena_deaths: 0.
num_vsnodes_births: 2.
num_vsnodes_deaths: 0.
num_space_committed: 303.
num_space_uncommitted: 0.
num_chunks_returned_to_freelist: 0.
num_chunks_taken_from_freelist: 922.
num_chunk_merges: 0.
num_chunk_splits: 611.
num_chunks_enlarged: 438.
num_inconsistent_stats: 0.

CodeCache: size=49152Kb used=5871Kb max_used=5871Kb free=43280Kb
 bounds [0x0000021efb9a0000, 0x0000021efbf60000, 0x0000021efe9a0000]
 total_blobs=3277, nmethods=2742, adapters=457, full_count=0
Compilation: enabled, stopped_count=0, restarted_count=0

Compilation events (20 events):
Event: 1.893 Thread 0x0000021e8728bca0 nmethod 2734 0x0000021efbf59a88 code [0x0000021efbf59b80, 0x0000021efbf59c38]
Event: 1.893 Thread 0x0000021e87c6a9f0 nmethod 2733 0x0000021efbf59d88 code [0x0000021efbf59e80, 0x0000021efbf5a0d0]
Event: 1.893 Thread 0x0000021e86ec3290 nmethod 2732 0x0000021efbf5a108 code [0x0000021efbf5a200, 0x0000021efbf5a460]
Event: 1.893 Thread 0x0000021e87c6a9f0 2735       1       org.springframework.core.annotation.TypeMappedAnnotations::isMappingForType (41 bytes)
Event: 1.893 Thread 0x0000021e87c6a9f0 nmethod 2735 0x0000021efbf5a488 code [0x0000021efbf5a580, 0x0000021efbf5a718]
Event: 1.893 Thread 0x0000021e87c6a9f0 2736       1       org.springframework.core.annotation.AttributeMethods::forAnnotationType (26 bytes)
Event: 1.894 Thread 0x0000021e87c6a9f0 nmethod 2736 0x0000021efbf5a788 code [0x0000021efbf5a880, 0x0000021efbf5a9c0]
Event: 1.898 Thread 0x0000021e87c68810 2737       1       java.util.concurrent.ConcurrentHashMap$KeySpliterator::forEachRemaining (35 bytes)
Event: 1.898 Thread 0x0000021e87c68810 nmethod 2737 0x0000021efbf5aa88 code [0x0000021efbf5ab80, 0x0000021efbf5ad60]
Event: 1.899 Thread 0x0000021e87c68810 2738       1       java.nio.Buffer::hasRemaining (17 bytes)
Event: 1.899 Thread 0x0000021e87c68810 nmethod 2738 0x0000021efbf5ad88 code [0x0000021efbf5ae80, 0x0000021efbf5af48]
Event: 1.900 Thread 0x0000021e86ec3290 2739       1       java.util.ArrayDeque::peek (5 bytes)
Event: 1.900 Thread 0x0000021e87c6a9f0 2740       1       java.util.ArrayDeque::peekFirst (12 bytes)
Event: 1.900 Thread 0x0000021e8728bca0 2741       1       org.springframework.boot.context.properties.source.SoftReferenceConfigurationPropertyCache$ActiveCacheOverride::timeToLive (5 bytes)
Event: 1.900 Thread 0x0000021e8728bca0 nmethod 2741 0x0000021efbf5b088 code [0x0000021efbf5b180, 0x0000021efbf5b238]
Event: 1.900 Thread 0x0000021e86ec3290 nmethod 2739 0x0000021efbf5b388 code [0x0000021efbf5b480, 0x0000021efbf5b568]
Event: 1.900 Thread 0x0000021e87c6a9f0 nmethod 2740 0x0000021efbf5b688 code [0x0000021efbf5b780, 0x0000021efbf5b868]
Event: 1.903 Thread 0x0000021e86ec3290 2742       1       java.lang.System$1::currentCarrierThread (4 bytes)
Event: 1.903 Thread 0x0000021e86ec3290 nmethod 2742 0x0000021efbf5b988 code [0x0000021efbf5ba80, 0x0000021efbf5bb40]
Event: 1.904 Thread 0x0000021e86ec3290 2743       1       java.util.concurrent.ThreadLocalRandom::getProbe (18 bytes)

GC Heap Usage History (13 events):
Event: 0.193 {heap Before GC invocations=0 (full 0):
 garbage-first heap   total reserved 4120576K, committed 10240K, used 3235K [0x0000000704800000, 0x0000000800000000)
  region size 2M, 2 eden (4M), 0 survivor (0M), 1 old (2M), 0 humongous (0M), 2 free (4M)
}
Event: 0.196 {heap After GC invocations=1 (full 0):
 garbage-first heap   total reserved 4120576K, committed 10240K, used 3275K [0x0000000704800000, 0x0000000800000000)
  region size 2M, 0 eden (0M), 1 survivor (2M), 2 old (4M), 0 humongous (0M), 2 free (4M)
}
Event: 0.326 {heap Before GC invocations=1 (full 0):
 garbage-first heap   total reserved 4120576K, committed 10240K, used 5323K [0x0000000704800000, 0x0000000800000000)
  region size 2M, 1 eden (2M), 1 survivor (2M), 2 old (4M), 0 humongous (0M), 1 free (2M)
}
Event: 0.331 {heap After GC invocations=2 (full 0):
 garbage-first heap   total reserved 4120576K, committed 12288K, used 4212K [0x0000000704800000, 0x0000000800000000)
  region size 2M, 0 eden (0M), 1 survivor (2M), 3 old (6M), 0 humongous (0M), 2 free (4M)
}
Event: 0.404 {heap Before GC invocations=2 (full 0):
 garbage-first heap   total reserved 4120576K, committed 12288K, used 4212K [0x0000000704800000, 0x0000000800000000)
  region size 2M, 1 eden (2M), 1 survivor (2M), 3 old (6M), 0 humongous (0M), 1 free (2M)
}
Event: 0.407 {heap After GC invocations=3 (full 0):
 garbage-first heap   total reserved 4120576K, committed 36864K, used 4417K [0x0000000704800000, 0x0000000800000000)
  region size 2M, 0 eden (0M), 1 survivor (2M), 3 old (6M), 0 humongous (0M), 14 free (28M)
}
Event: 0.864 {heap Before GC invocations=3 (full 0):
 garbage-first heap   total reserved 4120576K, committed 36864K, used 16705K [0x0000000704800000, 0x0000000800000000)
  region size 2M, 7 eden (14M), 1 survivor (2M), 3 old (6M), 0 humongous (0M), 7 free (14M)
}
Event: 0.870 {heap After GC invocations=4 (full 0):
 garbage-first heap   total reserved 4120576K, committed 36864K, used 6326K [0x0000000704800000, 0x0000000800000000)
  region size 2M, 0 eden (0M), 1 survivor (2M), 3 old (6M), 0 humongous (0M), 14 free (28M)
}
Event: 1.440 {heap Before GC invocations=4 (full 0):
 garbage-first heap   total reserved 4120576K, committed 36864K, used 24758K [0x0000000704800000, 0x0000000800000000)
  region size 2M, 9 eden (18M), 1 survivor (2M), 3 old (6M), 0 humongous (0M), 5 free (10M)
}
Event: 1.449 {heap After GC invocations=5 (full 0):
 garbage-first heap   total reserved 4120576K, committed 36864K, used 7915K [0x0000000704800000, 0x0000000800000000)
  region size 2M, 0 eden (0M), 2 survivor (4M), 3 old (6M), 0 humongous (0M), 13 free (26M)
}
Event: 1.655 {heap Before GC invocations=5 (full 0):
 garbage-first heap   total reserved 4120576K, committed 36864K, used 22251K [0x0000000704800000, 0x0000000800000000)
  region size 2M, 8 eden (16M), 2 survivor (4M), 3 old (6M), 0 humongous (0M), 5 free (10M)
}
Event: 1.660 {heap After GC invocations=6 (full 0):
 garbage-first heap   total reserved 4120576K, committed 36864K, used 11027K [0x0000000704800000, 0x0000000800000000)
  region size 2M, 0 eden (0M), 2 survivor (4M), 5 old (10M), 0 humongous (0M), 11 free (22M)
}
Event: 1.904 {heap Before GC invocations=6 (full 0):
 garbage-first heap   total reserved 4120576K, committed 36864K, used 27411K [0x0000000704800000, 0x0000000800000000)
  region size 2M, 8 eden (16M), 2 survivor (4M), 5 old (10M), 0 humongous (0M), 3 free (6M)
}

Metaspace Usage History (13 events):
Event: 0.193 {metaspace Before GC invocations=0 (full 0):
 Metaspace       used 285K, committed 512K, reserved 1114112K
  class space    used 10K, committed 128K, reserved 1048576K
}
Event: 0.196 {metaspace After GC invocations=1 (full 0):
 Metaspace       used 285K, committed 512K, reserved 1114112K
  class space    used 10K, committed 128K, reserved 1048576K
}
Event: 0.326 {metaspace Before GC invocations=1 (full 0):
 Metaspace       used 2302K, committed 2432K, reserved 1114112K
  class space    used 241K, committed 320K, reserved 1048576K
}
Event: 0.331 {metaspace After GC invocations=2 (full 0):
 Metaspace       used 2302K, committed 2432K, reserved 1114112K
  class space    used 241K, committed 320K, reserved 1048576K
}
Event: 0.404 {metaspace Before GC invocations=2 (full 0):
 Metaspace       used 2810K, committed 2944K, reserved 1114112K
  class space    used 312K, committed 384K, reserved 1048576K
}
Event: 0.407 {metaspace After GC invocations=3 (full 0):
 Metaspace       used 2810K, committed 2944K, reserved 1114112K
  class space    used 312K, committed 384K, reserved 1048576K
}
Event: 0.864 {metaspace Before GC invocations=3 (full 0):
 Metaspace       used 7489K, committed 7680K, reserved 1114112K
  class space    used 922K, committed 1024K, reserved 1048576K
}
Event: 0.870 {metaspace After GC invocations=4 (full 0):
 Metaspace       used 7489K, committed 7680K, reserved 1114112K
  class space    used 922K, committed 1024K, reserved 1048576K
}
Event: 1.440 {metaspace Before GC invocations=4 (full 0):
 Metaspace       used 11341K, committed 11584K, reserved 1114112K
  class space    used 1513K, committed 1600K, reserved 1048576K
}
Event: 1.449 {metaspace After GC invocations=5 (full 0):
 Metaspace       used 11341K, committed 11584K, reserved 1114112K
  class space    used 1513K, committed 1600K, reserved 1048576K
}
Event: 1.655 {metaspace Before GC invocations=5 (full 0):
 Metaspace       used 15254K, committed 15616K, reserved 1114112K
  class space    used 2066K, committed 2240K, reserved 1048576K
}
Event: 1.660 {metaspace After GC invocations=6 (full 0):
 Metaspace       used 15254K, committed 15616K, reserved 1114112K
  class space    used 2066K, committed 2240K, reserved 1048576K
}
Event: 1.904 {metaspace Before GC invocations=6 (full 0):
 Metaspace       used 19015K, committed 19392K, reserved 1114112K
  class space    used 2626K, committed 2752K, reserved 1048576K
}

Dll operation events (20 events):
Event: 0.014 Attempting to load shared library C:\Program Files\Java\jdk-26.0.1\bin\java.dll
Event: 0.014 Loaded shared library C:\Program Files\Java\jdk-26.0.1\bin\java.dll
Event: 0.099 Attempting to load shared library C:\Program Files\Java\jdk-26.0.1\bin\zip.dll
Event: 0.099 Loaded shared library C:\Program Files\Java\jdk-26.0.1\bin\zip.dll
Event: 0.101 Attempting to load shared library C:\Program Files\Java\jdk-26.0.1\bin\instrument.dll
Event: 0.101 Loaded shared library C:\Program Files\Java\jdk-26.0.1\bin\instrument.dll
Event: 0.105 Attempting to load shared library C:\Program Files\Java\jdk-26.0.1\bin\net.dll
Event: 0.105 Loaded shared library C:\Program Files\Java\jdk-26.0.1\bin\net.dll
Event: 0.107 Attempting to load shared library C:\Program Files\Java\jdk-26.0.1\bin\nio.dll
Event: 0.107 Loaded shared library C:\Program Files\Java\jdk-26.0.1\bin\nio.dll
Event: 0.110 Attempting to load shared library C:\Program Files\Java\jdk-26.0.1\bin\zip.dll
Event: 0.110 Loaded shared library C:\Program Files\Java\jdk-26.0.1\bin\zip.dll
Event: 0.226 Attempting to load shared library C:\Program Files\Java\jdk-26.0.1\bin\jimage.dll
Event: 0.226 Loaded shared library C:\Program Files\Java\jdk-26.0.1\bin\jimage.dll
Event: 0.236 Attempting to load shared library C:\Program Files\Java\jdk-26.0.1\bin\extnet.dll
Event: 0.240 Loaded shared library C:\Program Files\Java\jdk-26.0.1\bin\extnet.dll
Event: 0.251 Attempting to load shared library C:\Program Files\Java\jdk-26.0.1\bin\management.dll
Event: 0.252 Loaded shared library C:\Program Files\Java\jdk-26.0.1\bin\management.dll
Event: 0.265 Attempting to load shared library C:\Program Files\Java\jdk-26.0.1\bin\management_ext.dll
Event: 0.266 Loaded shared library C:\Program Files\Java\jdk-26.0.1\bin\management_ext.dll

Deoptimization events (2 events):
Event: 1.330 Thread 0x0000021ef08f7d70 DEOPT PACKING pc=0x0000021efbe154b4 sp=0x000000ec64afc410
Event: 1.330 Thread 0x0000021ef08f7d70 DEOPT UNPACKING pc=0x0000021efb9f1a02 sp=0x000000ec64afb908 mode 0

Classes loaded (20 events):
Event: 1.864 Loading class jdk/internal/classfile/impl/UnboundAttribute$UnboundInnerClassInfo
Event: 1.864 Loading class jdk/internal/classfile/impl/UnboundAttribute$UnboundInnerClassInfo done
Event: 1.880 Loading class jdk/internal/classfile/impl/AbstractAttributeMapper$AnnotationDefaultMapper
Event: 1.880 Loading class jdk/internal/classfile/impl/AbstractAttributeMapper$AnnotationDefaultMapper done
Event: 1.880 Loading class jdk/internal/classfile/impl/BoundAttribute$BoundAnnotationDefaultAttr
Event: 1.880 Loading class java/lang/classfile/attribute/AnnotationDefaultAttribute
Event: 1.880 Loading class java/lang/classfile/attribute/AnnotationDefaultAttribute done
Event: 1.880 Loading class jdk/internal/classfile/impl/BoundAttribute$BoundAnnotationDefaultAttr done
Event: 1.881 Loading class jdk/internal/classfile/impl/AnnotationImpl$OfClassImpl
Event: 1.881 Loading class jdk/internal/classfile/impl/AnnotationImpl$OfClassImpl done
Event: 1.881 Loading class jdk/internal/classfile/impl/AnnotationImpl$OfEnumImpl
Event: 1.881 Loading class jdk/internal/classfile/impl/AnnotationImpl$OfEnumImpl done
Event: 1.891 Loading class jdk/internal/classfile/impl/AbstractAttributeMapper$DeprecatedMapper
Event: 1.891 Loading class jdk/internal/classfile/impl/AbstractAttributeMapper$DeprecatedMapper done
Event: 1.891 Loading class jdk/internal/classfile/impl/BoundAttribute$BoundDeprecatedAttribute
Event: 1.891 Loading class java/lang/classfile/attribute/DeprecatedAttribute
Event: 1.891 Loading class java/lang/classfile/attribute/DeprecatedAttribute done
Event: 1.891 Loading class jdk/internal/classfile/impl/BoundAttribute$BoundDeprecatedAttribute done
Event: 1.892 Loading class java/lang/reflect/AccessFlag$AccessFlagSet
Event: 1.892 Loading class java/lang/reflect/AccessFlag$AccessFlagSet done

Classes unloaded (0 events):
No events

Classes redefined (0 events):
No events

Internal exceptions (20 events):
Event: 1.366 Thread 0x0000021ef08f7d70 Exception <a 'java/lang/NoSuchMethodError'{0x00000007057bd020}: 'int java.lang.invoke.DirectMethodHandle$Holder.invokeSpecialIFC(java.lang.Object, java.lang.Object, java.lang.Object, java.lang.Object)'> (0x00000007057bd020) 
thrown [s\open\src\hotspot\share\interpreter\linkResolver.cpp, line 804]
Event: 1.392 Thread 0x0000021ef08f7d70 Exception <a 'java/lang/NoSuchMethodError'{0x000000070549f148}: 'void java.lang.invoke.DirectMethodHandle$Holder.invokeInterface(java.lang.Object, java.lang.Object, java.lang.Object)'> (0x000000070549f148) 
thrown [s\open\src\hotspot\share\interpreter\linkResolver.cpp, line 804]
Event: 1.415 Thread 0x0000021ef08f7d70 Exception <a 'java/lang/NoSuchMethodError'{0x000000070552e108}: 'java.lang.Object java.lang.invoke.DirectMethodHandle$Holder.invokeVirtual(java.lang.Object, java.lang.Object, java.lang.Object)'> (0x000000070552e108) 
thrown [s\open\src\hotspot\share\interpreter\linkResolver.cpp, line 804]
Event: 1.450 Thread 0x0000021ef08f7d70 Exception <a 'java/lang/NoSuchMethodError'{0x0000000706606400}: 'void java.lang.invoke.DirectMethodHandle$Holder.invokeStatic(java.lang.Object, java.lang.Object, int)'> (0x0000000706606400) 
thrown [s\open\src\hotspot\share\interpreter\linkResolver.cpp, line 804]
Event: 1.454 Thread 0x0000021ef08f7d70 Exception <a 'java/lang/NoSuchMethodError'{0x00000007066240d8}: 'void java.lang.invoke.DirectMethodHandle$Holder.invokeStaticInit(java.lang.Object, java.lang.Object, java.lang.Object)'> (0x00000007066240d8) 
thrown [s\open\src\hotspot\share\interpreter\linkResolver.cpp, line 804]
Event: 1.477 Thread 0x0000021ef08f7d70 Exception <a 'java/lang/NoSuchMethodError'{0x0000000706705828}: 'void java.lang.invoke.DirectMethodHandle$Holder.invokeVirtual(java.lang.Object, java.lang.Object, java.lang.Object, java.lang.Object)'> (0x0000000706705828) 
thrown [s\open\src\hotspot\share\interpreter\linkResolver.cpp, line 804]
Event: 1.551 Thread 0x0000021ef08f7d70 Exception <a 'java/lang/NoSuchMethodError'{0x00000007062e3818}: 'int java.lang.invoke.DirectMethodHandle$Holder.invokeVirtual(java.lang.Object, java.lang.Object)'> (0x00000007062e3818) 
thrown [s\open\src\hotspot\share\interpreter\linkResolver.cpp, line 804]
Event: 1.562 Thread 0x0000021ef08f7d70 Exception <a 'java/lang/IncompatibleClassChangeError'{0x000000070602fa40}: Found class java.lang.Object, but interface was expected> (0x000000070602fa40) 
thrown [s\open\src\hotspot\share\interpreter\linkResolver.cpp, line 871]
Event: 1.599 Thread 0x0000021e8c572320 Exception <a 'java/lang/NoSuchMethodError'{0x0000000705c0ef50}: 'java.lang.Object java.lang.invoke.Invokers$Holder.linkToTargetMethod(java.lang.Object, int, java.lang.Object, java.lang.Object)'> (0x0000000705c0ef50) 
thrown [s\open\src\hotspot\share\interpreter\linkResolver.cpp, line 804]
Event: 1.647 Thread 0x0000021e87c6ff30 Exception <a 'java/lang/NoSuchMethodError'{0x0000000705bf84c8}: 'long java.lang.invoke.DirectMethodHandle$Holder.invokeVirtual(java.lang.Object, java.lang.Object)'> (0x0000000705bf84c8) 
thrown [s\open\src\hotspot\share\interpreter\linkResolver.cpp, line 804]
Event: 1.648 Thread 0x0000021e87c6ff30 Exception <a 'java/lang/NoSuchMethodError'{0x000000070591dc60}: 'java.lang.Object java.lang.invoke.DirectMethodHandle$Holder.invokeStatic(java.lang.Object, long)'> (0x000000070591dc60) 
thrown [s\open\src\hotspot\share\interpreter\linkResolver.cpp, line 804]
Event: 1.648 Thread 0x0000021e87c6ff30 Exception <a 'java/lang/NoSuchMethodError'{0x000000070592dd80}: 'long java.lang.invoke.DelegatingMethodHandle$Holder.reinvoke_L(java.lang.Object, java.lang.Object)'> (0x000000070592dd80) 
thrown [s\open\src\hotspot\share\interpreter\linkResolver.cpp, line 804]
Event: 1.752 Thread 0x0000021e8c572320 Exception <a 'java/lang/NoSuchMethodError'{0x00000007061b96f0}: 'long java.lang.invoke.DirectMethodHandle$Holder.invokeStatic(java.lang.Object, java.lang.Object)'> (0x00000007061b96f0) 
thrown [s\open\src\hotspot\share\interpreter\linkResolver.cpp, line 804]
Event: 1.752 Thread 0x0000021e8c572320 Exception <a 'java/lang/NoSuchMethodError'{0x00000007061c1498}: 'long java.lang.invoke.DirectMethodHandle$Holder.invokeStaticInit(java.lang.Object, java.lang.Object)'> (0x00000007061c1498) 
thrown [s\open\src\hotspot\share\interpreter\linkResolver.cpp, line 804]
Event: 1.753 Thread 0x0000021e8c572320 Exception <a 'java/lang/NoSuchMethodError'{0x00000007061e6968}: 'long java.lang.invoke.DirectMethodHandle$Holder.invokeInterface(java.lang.Object, java.lang.Object)'> (0x00000007061e6968) 
thrown [s\open\src\hotspot\share\interpreter\linkResolver.cpp, line 804]
Event: 1.754 Thread 0x0000021e8c572320 Exception <a 'java/lang/IncompatibleClassChangeError'{0x00000007061ee620}: Found class java.lang.Object, but interface was expected> (0x00000007061ee620) 
thrown [s\open\src\hotspot\share\interpreter\linkResolver.cpp, line 871]
Event: 1.805 Thread 0x0000021ef08f7d70 Exception <a 'java/lang/NoSuchMethodError'{0x0000000705dc55d8}: 'int java.lang.invoke.DirectMethodHandle$Holder.invokeSpecial(java.lang.Object, java.lang.Object, java.lang.Object, java.lang.Object, java.lang.Object)'> (0x0000000705dc55d8) 
thrown [s\open\src\hotspot\share\interpreter\linkResolver.cpp, line 804]
Event: 1.808 Thread 0x0000021ef08f7d70 Exception <a 'java/lang/NoSuchMethodError'{0x0000000705dd7178}: 'void java.lang.invoke.DirectMethodHandle$Holder.invokeVirtual(java.lang.Object, java.lang.Object)'> (0x0000000705dd7178) 
thrown [s\open\src\hotspot\share\interpreter\linkResolver.cpp, line 804]
Event: 1.840 Thread 0x0000021e87c6ff30 Exception <a 'java/lang/NoSuchMethodError'{0x0000000705b13c78}: static [Ljava/lang/StackTraceElement;.<clinit>()V> (0x0000000705b13c78) 
thrown [s\open\src\hotspot\share\prims\jni.cpp, line 1104]
Event: 1.847 Thread 0x0000021ef08f7d70 Exception <a 'java/lang/NoSuchMethodError'{0x0000000705b30b40}: 'java.lang.Object java.lang.invoke.DirectMethodHandle$Holder.invokeStatic(java.lang.Object, java.lang.Object, int)'> (0x0000000705b30b40) 
thrown [s\open\src\hotspot\share\interpreter\linkResolver.cpp, line 804]

VM Operations (20 events):
Event: 1.330 Executing non-safepoint VM operation: HandshakeAllThreads (Deoptimize) done
Event: 1.334 Executing non-safepoint VM operation: HandshakeAllThreads (Deoptimize)
Event: 1.334 Executing non-safepoint VM operation: HandshakeAllThreads (Deoptimize) done
Event: 1.440 Executing safepoint VM operation: G1CollectForAllocation (G1 Evacuation Pause)
Event: 1.449 Executing safepoint VM operation: G1CollectForAllocation (G1 Evacuation Pause) done
Event: 1.537 Executing non-safepoint VM operation: HandshakeAllThreads (Deoptimize)
Event: 1.537 Executing non-safepoint VM operation: HandshakeAllThreads (Deoptimize) done
Event: 1.540 Executing non-safepoint VM operation: HandshakeAllThreads (Deoptimize)
Event: 1.540 Executing non-safepoint VM operation: HandshakeAllThreads (Deoptimize) done
Event: 1.655 Executing safepoint VM operation: G1CollectForAllocation (G1 Evacuation Pause)
Event: 1.660 Executing safepoint VM operation: G1CollectForAllocation (G1 Evacuation Pause) done
Event: 1.748 Executing non-safepoint VM operation: HandshakeAllThreads (Deoptimize)
Event: 1.748 Executing non-safepoint VM operation: HandshakeAllThreads (Deoptimize) done
Event: 1.787 Executing non-safepoint VM operation: HandshakeAllThreads (Deoptimize)
Event: 1.787 Executing non-safepoint VM operation: HandshakeAllThreads (Deoptimize) done
Event: 1.821 Executing non-safepoint VM operation: HandshakeAllThreads (Deoptimize)
Event: 1.821 Executing non-safepoint VM operation: HandshakeAllThreads (Deoptimize) done
Event: 1.832 Executing non-safepoint VM operation: HandshakeAllThreads (Deoptimize)
Event: 1.833 Executing non-safepoint VM operation: HandshakeAllThreads (Deoptimize) done
Event: 1.904 Executing safepoint VM operation: G1CollectForAllocation (G1 Evacuation Pause)

Memory protections (0 events):
No events

Nmethod flushes (0 events):
No events

Events (20 events):
Event: 0.037 Thread 0x0000021ef08f7d70 Thread added: 0x0000021e86ea7570
Event: 0.037 Thread 0x0000021ef08f7d70 Thread added: 0x0000021e86ead140
Event: 0.038 Thread 0x0000021ef08f7d70 Thread added: 0x0000021e86eadcf0
Event: 0.038 Thread 0x0000021ef08f7d70 Thread added: 0x0000021e86eb06d0
Event: 0.038 Thread 0x0000021ef08f7d70 Thread added: 0x0000021e86eb39c0
Event: 0.038 Thread 0x0000021ef08f7d70 Thread added: 0x0000021e86ec3290
Event: 0.076 Thread 0x0000021e86ec3290 Thread added: 0x0000021e8728bca0
Event: 0.104 Thread 0x0000021ef08f7d70 Thread added: 0x0000021e86eb68a0
Event: 0.219 Thread 0x0000021ef08f7d70 Thread added: 0x0000021e86eb8010
Event: 0.219 Thread 0x0000021ef08f7d70 Thread added: 0x0000021e86eb7840
Event: 0.429 Thread 0x0000021e8728bca0 Thread added: 0x0000021e87c68810
Event: 0.429 Thread 0x0000021e8728bca0 Thread added: 0x0000021e87c6a9f0
Event: 0.602 Thread 0x0000021ef08f7d70 Thread added: 0x0000021e87c6d050
Event: 0.700 Thread 0x0000021e87c6d050 Thread added: 0x0000021e87c6ff30
Event: 0.735 Thread 0x0000021e87c6ff30 Thread added: 0x0000021e87c6c880
Event: 0.747 Thread 0x0000021e87c6ff30 Thread added: 0x0000021e87c70700
Event: 1.548 Thread 0x0000021ef08f7d70 Thread added: 0x0000021e8c572320
Event: 1.786 Thread 0x0000021e8c572320 Thread exited: 0x0000021e8c572320
Event: 1.832 Thread 0x0000021e87c6ff30 Thread added: 0x0000021e8c572af0
Event: 1.848 Thread 0x0000021e8c572af0 Thread exited: 0x0000021e8c572af0


Dynamic libraries:
0x00007ff756020000 - 0x00007ff756030000 	C:\Program Files\Java\jdk-26.0.1\bin\java.exe
0x00007ffdb82c0000 - 0x00007ffdb8526000 	C:\Windows\SYSTEM32\ntdll.dll
0x00007ffdb7180000 - 0x00007ffdb7249000 	C:\Windows\System32\KERNEL32.DLL
0x00007ffdb5640000 - 0x00007ffdb5a3e000 	C:\Windows\System32\KERNELBASE.dll
0x00007ffdb54e0000 - 0x00007ffdb562c000 	C:\Windows\System32\ucrtbase.dll
0x00007ffd8f330000 - 0x00007ffd8f347000 	C:\Program Files\Java\jdk-26.0.1\bin\jli.dll
0x00007ffd8a7e0000 - 0x00007ffd8a7fe000 	C:\Program Files\Java\jdk-26.0.1\bin\VCRUNTIME140.dll
0x00007ffdb66c0000 - 0x00007ffdb6887000 	C:\Windows\System32\USER32.dll
0x00007ffdb5c50000 - 0x00007ffdb5c77000 	C:\Windows\System32\win32u.dll
0x00007ffd933c0000 - 0x00007ffd93652000 	C:\Windows\WinSxS\amd64_microsoft.windows.common-controls_6595b64144ccf1df_6.0.26100.8875_none_3e0d5d42e32fe9dd\COMCTL32.dll
0x00007ffdb7aa0000 - 0x00007ffdb7acb000 	C:\Windows\System32\GDI32.dll
0x00007ffdb5e00000 - 0x00007ffdb5f2a000 	C:\Windows\System32\gdi32full.dll
0x00007ffdb62a0000 - 0x00007ffdb6349000 	C:\Windows\System32\msvcrt.dll
0x00007ffdb5ba0000 - 0x00007ffdb5c43000 	C:\Windows\System32\msvcp_win.dll
0x00007ffdb7a60000 - 0x00007ffdb7a92000 	C:\Windows\System32\IMM32.DLL
0x0000000050eb0000 - 0x0000000050ebd000 	C:\Program Files (x86)\360\Total Security\safemon\SafeWrapper.dll
0x00007ffdb5ff0000 - 0x00007ffdb60a7000 	C:\Windows\System32\ADVAPI32.dll
0x00007ffdb7c60000 - 0x00007ffdb7d0a000 	C:\Windows\System32\sechost.dll
0x00007ffdb7060000 - 0x00007ffdb7178000 	C:\Windows\System32\RPCRT4.dll
0x00007ffdb2d90000 - 0x00007ffdb2e95000 	C:\Program Files (x86)\360\Total Security\safemon\libzdtp64.dll
0x00007ffdb72c0000 - 0x00007ffdb7a52000 	C:\Windows\System32\SHELL32.dll
0x00007ffdb6a70000 - 0x00007ffdb6ad7000 	C:\Windows\System32\SHLWAPI.dll
0x00007ffdb4fa0000 - 0x00007ffdb4fab000 	C:\Windows\SYSTEM32\VERSION.dll
0x00007ffd98f80000 - 0x00007ffd98f8c000 	C:\Program Files\Java\jdk-26.0.1\bin\vcruntime140_1.dll
0x00007ffd6f1f0000 - 0x00007ffd6f27d000 	C:\Program Files\Java\jdk-26.0.1\bin\msvcp140.dll
0x00007ffd130c0000 - 0x00007ffd13f8e000 	C:\Program Files\Java\jdk-26.0.1\bin\server\jvm.dll
0x00007ffdb7ad0000 - 0x00007ffdb7b50000 	C:\Windows\System32\WS2_32.dll
0x00007ffdb5340000 - 0x00007ffdb539e000 	C:\Windows\SYSTEM32\POWRPROF.dll
0x00007ffd9bdd0000 - 0x00007ffd9be06000 	C:\Windows\SYSTEM32\WINMM.dll
0x00007ffdb5320000 - 0x00007ffdb5334000 	C:\Windows\SYSTEM32\UMPDC.dll
0x00007ffdb4140000 - 0x00007ffdb415b000 	C:\Windows\SYSTEM32\kernel.appcore.dll
0x00007ffd90110000 - 0x00007ffd9011a000 	C:\Program Files\Java\jdk-26.0.1\bin\jimage.dll
0x00007ffdb27e0000 - 0x00007ffdb2a22000 	C:\Windows\SYSTEM32\DBGHELP.DLL
0x00007ffdb6cc0000 - 0x00007ffdb7043000 	C:\Windows\System32\combase.dll
0x00007ffdb60b0000 - 0x00007ffdb6189000 	C:\Windows\System32\OLEAUT32.dll
0x00007ffd9dbb0000 - 0x00007ffd9dbeb000 	C:\Windows\SYSTEM32\dbgcore.DLL
0x00007ffdb5f30000 - 0x00007ffdb5fdc000 	C:\Windows\System32\bcryptPrimitives.dll
0x00007ffd8f320000 - 0x00007ffd8f330000 	C:\Program Files\Java\jdk-26.0.1\bin\instrument.dll
0x00007ffd879f0000 - 0x00007ffd87a0f000 	C:\Program Files\Java\jdk-26.0.1\bin\java.dll
0x00007ffdb6890000 - 0x00007ffdb6a29000 	C:\Windows\System32\ole32.dll
0x00007ffdb2f00000 - 0x00007ffdb3792000 	C:\Windows\SYSTEM32\windows.storage.dll
0x00007ffdb6430000 - 0x00007ffdb6527000 	C:\Windows\System32\SHCORE.dll
0x00007ffdb5400000 - 0x00007ffdb5429000 	C:\Windows\SYSTEM32\profapi.dll
0x00007ffd82030000 - 0x00007ffd82047000 	C:\Program Files\Java\jdk-26.0.1\bin\zip.dll
0x00007ffd873e0000 - 0x00007ffd873f2000 	C:\Program Files\Java\jdk-26.0.1\bin\net.dll
0x00007ffdb46f0000 - 0x00007ffdb475c000 	C:\Windows\system32\mswsock.dll
0x00007ffd822f0000 - 0x00007ffd82306000 	C:\Program Files\Java\jdk-26.0.1\bin\nio.dll
0x00007ffdb3c80000 - 0x00007ffdb3dd6000 	C:\Windows\SYSTEM32\DNSAPI.dll
0x00007ffdb4480000 - 0x00007ffdb448d000 	C:\Windows\SYSTEM32\DSPARSE.dll
0x00007ffdb3ba0000 - 0x00007ffdb3bd3000 	C:\Windows\SYSTEM32\IPHLPAPI.DLL
0x00007ffdb6a30000 - 0x00007ffdb6a3a000 	C:\Windows\System32\NSI.dll
0x00007ffd82020000 - 0x00007ffd82029000 	C:\Program Files\Java\jdk-26.0.1\bin\extnet.dll
0x00007ffda8210000 - 0x00007ffda821b000 	C:\Windows\System32\rasadhlp.dll
0x00007ffdaf260000 - 0x00007ffdaf2e6000 	C:\Windows\System32\fwpuclnt.dll
0x00007ffd7d970000 - 0x00007ffd7d97a000 	C:\Program Files\Java\jdk-26.0.1\bin\management.dll
0x00007ffd7ad90000 - 0x00007ffd7ad9c000 	C:\Program Files\Java\jdk-26.0.1\bin\management_ext.dll
0x00007ffdb7250000 - 0x00007ffdb7258000 	C:\Windows\System32\PSAPI.DLL
0x00007ffdb49f0000 - 0x00007ffdb4a0b000 	C:\Windows\SYSTEM32\CRYPTSP.dll
0x00007ffdb40a0000 - 0x00007ffdb40d9000 	C:\Windows\system32\rsaenh.dll
0x00007ffdb47b0000 - 0x00007ffdb47e2000 	C:\Windows\SYSTEM32\USERENV.dll
0x00007ffdb53d0000 - 0x00007ffdb53fa000 	C:\Windows\SYSTEM32\bcrypt.dll
0x00007ffdb4a10000 - 0x00007ffdb4a1c000 	C:\Windows\SYSTEM32\CRYPTBASE.dll
0x00007ffd807e0000 - 0x00007ffd807f8000 	C:\Windows\system32\napinsp.dll
0x00007ffd800d0000 - 0x00007ffd800e3000 	C:\Windows\System32\winrnr.dll
0x00007ffd800b0000 - 0x00007ffd800c6000 	C:\Windows\system32\wshbth.dll
0x00007ffd80080000 - 0x00007ffd800a2000 	C:\Windows\system32\nlansp_c.dll
0x00007ffd715c0000 - 0x00007ffd71618000 	C:\Windows\SYSTEM32\pdh.dll
0x00007ffd931e0000 - 0x00007ffd931f2000 	C:\Windows\System32\perfproc.dll
0x00007ffd7e0d0000 - 0x00007ffd7e0e1000 	C:\Windows\System32\perfos.dll
0x00007ffdb37c0000 - 0x00007ffdb37d2000 	C:\Windows\SYSTEM32\pfclient.dll

JVMTI agents:
C:\Program Files\JetBrains\IntelliJ IDEA 2026.1.3\lib\idea_rt.jar path:C:\Program Files\Java\jdk-26.0.1\bin\instrument.dll, loaded, initialized, instrumentlib options:58296

dbghelp: loaded successfully - version: 4.0.5 - missing functions: none
symbol engine: initialized successfully - sym options: 0x614 - pdb path: .;C:\Program Files\Java\jdk-26.0.1\bin;C:\Windows\SYSTEM32;C:\Windows\WinSxS\amd64_microsoft.windows.common-controls_6595b64144ccf1df_6.0.26100.8875_none_3e0d5d42e32fe9dd;C:\Program Files (x86)\360\Total Security\safemon;C:\Program Files\Java\jdk-26.0.1\bin\server

VM Arguments:
jvm_args: -XX:TieredStopAtLevel=1 -Dspring.output.ansi.enabled=always -Dcom.sun.management.jmxremote -Dspring.jmx.enabled=true -Dspring.liveBeansView.mbeanDomain -Dspring.application.admin.enabled=true -Dmanagement.endpoints.jmx.exposure.include=* -javaagent:C:\Program Files\JetBrains\IntelliJ IDEA 2026.1.3\lib\idea_rt.jar=58296 -Dfile.encoding=UTF-8 -Dsun.stdout.encoding=UTF-8 -Dsun.stderr.encoding=UTF-8 
java_command: com.email.writer.sb.Application
java_class_path (initial): C:\Users\annut\Downloads\demo.writer sb\demo.writer-sb\target\classes;C:\Users\annut\.m2\repository\org\springframework\boot\spring-boot-starter-webflux\4.1.0\spring-boot-starter-webflux-4.1.0.jar;C:\Users\annut\.m2\repository\org\springframework\boot\spring-boot-starter\4.1.0\spring-boot-starter-4.1.0.jar;C:\Users\annut\.m2\repository\org\springframework\boot\spring-boot-starter-logging\4.1.0\spring-boot-starter-logging-4.1.0.jar;C:\Users\annut\.m2\repository\ch\qos\logback\logback-classic\1.5.34\logback-classic-1.5.34.jar;C:\Users\annut\.m2\repository\ch\qos\logback\logback-core\1.5.34\logback-core-1.5.34.jar;C:\Users\annut\.m2\repository\org\apache\logging\log4j\log4j-to-slf4j\2.25.4\log4j-to-slf4j-2.25.4.jar;C:\Users\annut\.m2\repository\org\apache\logging\log4j\log4j-api\2.25.4\log4j-api-2.25.4.jar;C:\Users\annut\.m2\repository\org\slf4j\jul-to-slf4j\2.0.18\jul-to-slf4j-2.0.18.jar;C:\Users\annut\.m2\repository\org\springframework\boot\spring-boot-autoconfigure\4.1.0\spring-boot-autoconfigure-4.1.0.jar;C:\Users\annut\.m2\repository\jakarta\annotation\jakarta.annotation-api\3.0.0\jakarta.annotation-api-3.0.0.jar;C:\Users\annut\.m2\repository\org\yaml\snakeyaml\2.6\snakeyaml-2.6.jar;C:\Users\annut\.m2\repository\org\springframework\boot\spring-boot-starter-jackson\4.1.0\spring-boot-starter-jackson-4.1.0.jar;C:\Users\annut\.m2\repository\org\springframework\boot\spring-boot-jackson\4.1.0\spring-boot-jackson-4.1.0.jar;C:\Users\annut\.m2\repository\tools\jackson\core\jackson-databind\3.1.4\jackson-databind-3.1.4.jar;C:\Users\annut\.m2\repository\com\fasterxml\jackson\core\jackson-annotations\2.21\jackson-annotations-2.21.jar;C:\Users\annut\.m2\repository\tools\jackson\core\jackson-core\3.1.4\jackson-core-3.1.4.jar;C:\Users\annut\.m2\repository\org\springframework\boot\spring-boot-starter-reactor-netty\4.1.0\spring-boot-starter-reactor-netty-4.1.0.jar;C:\Users\annut\.m2\repository\org\springframework\boot\spring-boot-reactor-netty\4.1.0\spring-boot-reactor-netty-4.1.0.jar;C:\Users\annut\.m2\repository\io\projectreactor\netty\reactor-netty-http\1.3.6\reactor-netty-http-1.3.6.jar;C:\Users\annut\.m2\repository\io\netty\netty-codec-http\4.2.15.Final\netty-codec-http-4.2.15.Final.jar;C:\Users\annut\.m2\repository\io\netty\netty-buffer\4.2.15.Final\netty-buffer-4.2.15.Final.jar;C:\Users\annut\.m2\repository\io\netty\netty-transport\4.2.15.Final\netty-transport-4.2.15.Final.jar;C:\Users\annut\.m2\repository\io\netty\netty-codec-base\4.2.15.Final\netty-codec-base-4.2.15.Final.jar;C:\Users\annut\.m2\repository\io\netty\netty-codec-compression\4.2.15.Final\netty-codec-compression-4.2.15.Final.jar;C:\Users\annut\.m2\repository\io\netty\netty-handler\4.2.15.Final\netty-handler-4.2.15.Final.jar;C:\Users\annut\.m2\repository\io\netty\netty-codec-http2\4.2.15.Final\netty-codec-http2-4.2.15.Final.jar;C:\Users\annut\.m2\repository\io\netty\netty-codec-http3\4.2.15.Final\netty-codec-http3-4.2.15.Final.jar;C:\Users\annut\.m2\repository\io\netty\netty-transport-native-unix-common\4.2.15.Final\netty-transport-native-unix-common-4.2.15.Final.jar;C:\Users\annut\.m2\repository\io\netty\netty-resolver\4.2.15.Final\netty-resolver-4.2.15.Final.jar;C:\Users\annut\.m2\repository\io\netty\netty-codec-classes-quic\4.2.15.Final\netty-codec-classes-quic-4.2.15.Final.jar;C:\Users\annut\.m2\repository\io\netty\netty-codec-native-quic\4.2.15.Final\netty-codec-native-quic-4.2.15.Final-linux-x86_64.jar;C:\Users\annut\.m2\repository\io\netty\netty-codec-native-quic\4.2.15.Final\netty-codec-native-quic-4.2.15.Final-linux-aarch_64.jar;C:\Users\annut\.m2\repository\io\netty\netty-codec-native-quic\4.2.15.Final\netty-codec-native-quic-4.2.15.Final-osx-x86_64.jar;C:\Users\annut\.m2\repository\io\netty\netty-codec-native-quic\4.2.15.Final\netty-codec-native-quic-4.2.15.Final-osx-aarch_64.jar;C:\Users\annut\.m2\repository\io\netty\netty-codec-native-quic\4.2.15.Final\netty-codec-native-quic-4.2.15.Final-windows-x86_64.jar;C:\Users\annut\.m2\repository\io\netty\netty-resolver-dns\4.2.15.Final\netty-resolver-dns-4.2.15.Final.jar;C:\Users\annut\.m2\repository\io\netty\netty-codec-dns\4.2.15.Final\netty-codec-dns-4.2.15.Final.jar;C:\Users\annut\.m2\repository\io\netty\netty-resolver-dns-native-macos\4.2.15.Final\netty-resolver-dns-native-macos-4.2.15.Final-osx-x86_64.jar;C:\Users\annut\.m2\repository\io\netty\netty-resolver-dns-classes-macos\4.2.15.Final\netty-resolver-dns-classes-macos-4.2.15.Final.jar;C:\Users\annut\.m2\repository\io\netty\netty-transport-native-epoll\4.2.15.Final\netty-transport-native-epoll-4.2.15.Final-linux-x86_64.jar;C:\Users\annut\.m2\repository\io\netty\netty-transport-classes-epoll\4.2.15.Final\netty-transport-classes-epoll-4.2.15.Final.jar;C:\Users\annut\.m2\repository\io\projectreactor\netty\reactor-netty-core\1.3.6\reactor-netty-core-1.3.6.jar;C:\Users\annut\.m2\repository\io\netty\netty-handler-proxy\4.2.15.Final\netty-handler-proxy-4.2.15.Final.jar;C:\Users\annut\.m2\repository\io\netty\netty-codec-socks\4.2.15.Final\netty-codec-socks-4.2.15.Final.jar;C:\Users\annut\.m2\repository\org\springframework\spring-web\7.0.8\spring-web-7.0.8.jar;C:\Users\annut\.m2\repository\io\micrometer\micrometer-observation\1.17.0\micrometer-observation-1.17.0.jar;C:\Users\annut\.m2\repository\io\micrometer\micrometer-commons\1.17.0\micrometer-commons-1.17.0.jar;C:\Users\annut\.m2\repository\org\springframework\boot\spring-boot-netty\4.1.0\spring-boot-netty-4.1.0.jar;C:\Users\annut\.m2\repository\io\netty\netty-common\4.2.15.Final\netty-common-4.2.15.Final.jar;C:\Users\annut\.m2\repository\org\springframework\boot\spring-boot-reactor\4.1.0\spring-boot-reactor-4.1.0.jar;C:\Users\annut\.m2\repository\org\springframework\boot\spring-boot\4.1.0\spring-boot-4.1.0.jar;C:\Users\annut\.m2\repository\org\springframework\spring-context\7.0.8\spring-context-7.0.8.jar;C:\Users\annut\.m2\repository\org\springframework\spring-aop\7.0.8\spring-aop-7.0.8.jar;C:\Users\annut\.m2\repository\org\springframework\spring-expression\7.0.8\spring-expression-7.0.8.jar;C:\Users\annut\.m2\repository\io\projectreactor\reactor-core\3.8.6\reactor-core-3.8.6.jar;C:\Users\annut\.m2\repository\org\reactivestreams\reactive-streams\1.0.4\reactive-streams-1.0.4.jar;C:\Users\annut\.m2\repository\org\springframework\boot\spring-boot-webflux\4.1.0\spring-boot-webflux-4.1.0.jar;C:\Users\annut\.m2\repository\org\springframework\boot\spring-boot-http-codec\4.1.0\spring-boot-http-codec-4.1.0.jar;C:\Users\annut\.m2\repository\org\springframework\spring-webflux\7.0.8\spring-webflux-7.0.8.jar;C:\Users\annut\.m2\repository\org\springframework\spring-beans\7.0.8\spring-beans-7.0.8.jar;C:\Users\annut\.m2\repository\org\springframework\boot\spring-boot-web-server\4.1.0\spring-boot-web-server-4.1.0.jar;C:\Users\annut\.m2\repository\org\projectlombok\lombok\1.18.46\lombok-1.18.46.jar;C:\Users\annut\.m2\repository\org\slf4j\slf4j-api\2.0.18\slf4j-api-2.0.18.jar;C:\Users\annut\.m2\repository\org\springframework\spring-core\7.0.8\spring-core-7.0.8.jar;C:\Users\annut\.m2\repository\commons-logging\commons-logging\1.3.6\commons-logging-1.3.6.jar;C:\Users\annut\.m2\repository\org\jspecify\jspecify\1.0.0\jspecify-1.0.0.jar
Launcher Type: SUN_STANDARD

[Global flags]
     bool AOTAdapterCaching                        = false                                  {diagnostic} {ergonomic}
     bool AOTInvokeDynamicLinking                  = false                                  {diagnostic} {ergonomic}
     bool AOTRecordTraining                        = false                                  {diagnostic} {ergonomic}
     bool AOTReplayTraining                        = false                                  {diagnostic} {ergonomic}
     bool AOTStubCaching                           = false                                  {diagnostic} {ergonomic}
     intx CICompilerCount                          = 4                                         {product} {ergonomic}
     uint ConcGCThreads                            = 3                                         {product} {ergonomic}
     uint G1ConcRefinementThreads                  = 10                                        {product} {ergonomic}
     uint G1EagerReclaimRemSetThreshold            = 16                                   {experimental} {ergonomic}
   size_t G1HeapRegionSize                         = 2097152                                   {product} {ergonomic}
     uint G1RemSetArrayOfCardsEntries              = 16                                   {experimental} {ergonomic}
     uint G1RemSetHowlMaxNumBuckets                = 8                                    {experimental} {ergonomic}
     uint G1RemSetHowlNumBuckets                   = 8                                    {experimental} {ergonomic}
   size_t InitialHeapSize                          = 8388608                                   {product} {ergonomic}
     bool IntelJccErratumMitigation                = false                             {ARCH diagnostic} {ergonomic}
     bool ManagementServer                         = true                                      {product} {command line}
   size_t MarkStackSize                            = 4194304                                   {product} {ergonomic}
   size_t MarkStackSizeMax                         = 536870912                                 {product} {ergonomic}
   size_t MaxHeapSize                              = 4219469824                                {product} {ergonomic}
   size_t MaxNewSize                               = 2531262464                                {product} {ergonomic}
 uint64_t MaxRAM                                   = 16870006784                               {product} {ergonomic}
   size_t MinHeapDeltaBytes                        = 2097152                                   {product} {ergonomic}
   size_t MinHeapSize                              = 8388608                                   {product} {ergonomic}
   size_t NonNMethodCodeHeapSize                   = 4096                                   {pd product} {ergonomic}
   size_t NonProfiledCodeHeapSize                  = 0                                      {pd product} {ergonomic}
     bool ProfileInterpreter                       = false                                  {pd product} {command line}
   size_t ProfiledCodeHeapSize                     = 0                                      {pd product} {ergonomic}
   size_t SoftMaxHeapSize                          = 4219469824                             {manageable} {ergonomic}
     intx TieredStopAtLevel                        = 1                                         {product} {command line}
     bool UseCompressedOops                        = true                           {product lp64_product} {ergonomic}
     bool UseCondCardMark                          = true                                      {product} {ergonomic}
     bool UseFastUnorderedTimeStamps               = true                                 {experimental} {ergonomic}
     bool UseG1GC                                  = true                                      {product} {ergonomic}
     bool UseLargePagesIndividualAllocation        = false                                  {pd product} {ergonomic}
      int X86ICacheSync                            = 3                                 {ARCH diagnostic} {ergonomic}

Logging:
Log output configuration:
 #0: stdout all=warning uptime,level,tags foldmultilines=false
 #1: stderr all=off uptime,level,tags foldmultilines=false

Release file:
IMPLEMENTOR="Oracle Corporation" 
JAVA_RUNTIME_VERSION="26.0.1+8-34" 
JAVA_VERSION="26.0.1" 
JAVA_VERSION_DATE="2026-04-21" 
LIBC="default" 
MODULES="java.base java.compiler java.datatransfer java.xml java.prefs java.desktop java.instrument java.logging java.management java.security.sasl java.naming java.rmi java.management.rmi java.net.http java.scripting java.security.jgss java.transaction.xa java.sql java.sql.rowset java.xml.crypto java.se java.smartcardio jdk.accessibility jdk.internal.jvmstat jdk.attach jdk.charsets jdk.internal.opt jdk.zipfs jdk.compiler jdk.crypto.cryptoki jdk.crypto.ec jdk.crypto.mscapi jdk.dynalink jdk.internal.ed jdk.editpad jdk.internal.vm.ci jdk.graal.compiler jdk.graal.compiler.management jdk.hotspot.agent jdk.httpserver jdk.incubator.vector jdk.internal.le jdk.internal.md jdk.jartool jdk.javadoc jdk.jcmd jdk.management jdk.management.agent jdk.jconsole jdk.jdeps jdk.jdwp.agent jdk.jdi jdk.jfr jdk.jlink jdk.jpackage jdk.jshell jdk.jstatd jdk.localedata jdk.management.jfr jdk.naming.dns jdk.naming.rmi jdk.net jdk.nio.mapmode jdk.sctp jdk.security.auth jdk.security.jgss jdk.unsupported jdk.unsupported.desktop jdk.xml.dom" 
OS_ARCH="x86_64" 
OS_NAME="Windows" 
SOURCE=".:git:8fcde8268d22 open:git:fcc00fc4aee7" 

Environment Variables:
PATH=C:\Program Files\Common Files\Oracle\Java\javapath;C:\Windows\system32;C:\Windows;C:\Windows\System32\Wbem;C:\Windows\System32\WindowsPowerShell\v1.0\;C:\Windows\System32\OpenSSH\;C:\Program Files (x86)\NVIDIA Corporation\PhysX\Common;C:\Program Files\NVIDIA Corporation\NVIDIA NvDLISR;C:\Windows\system32;C:\Windows;C:\Windows\System32\Wbem;C:\Windows\System32\WindowsPowerShell\v1.0\;C:\Windows\System32\OpenSSH\;C:\Program Files\nodejs\;C:\Users\annut\AppData\Local\Microsoft\WindowsApps;C:\Users\annut\AppData\Roaming\npm;C:\Users\annut\AppData\Local\Programs\Microsoft VS Code\bin
USERNAME=annut
OS=Windows_NT
PROCESSOR_IDENTIFIER=Intel64 Family 6 Model 154 Stepping 3, GenuineIntel
TMP=C:\Users\annut\AppData\Local\Temp
TEMP=C:\Users\annut\AppData\Local\Temp




Compilation memory statistics disabled.

Periodic native trim disabled

---------------  S Y S T E M  ---------------

OS:
 Windows 11 , 64 bit Build 26100 (10.0.26100.8875)
OS uptime: 1 days 2:08 hours
Hyper-V role detected

CPU: total 12 (initial active 12) (hybrid) family 6 model 154 stepping 3 microcode 0x42a, cx8, cmov, fxsr, ht, mmx, 3dnowpref, sse, sse2, sse3, ssse3, sse4.1, sse4.2, popcnt, lzcnt, tsc, tscinvbit, avx, avx2, aes, erms, clmul, bmi1, bmi2, adx, sha, fma, vzeroupper, clflush, clflushopt, clwb, hv, serialize, rdtscp, rdpid, fsrm, gfni, f16c, cet_ibt, cet_ss, hybrid
Processor Information for processor 0
  Max Mhz: 2000, Current Mhz: 2000, Mhz Limit: 2000
Processor Information for processor 1
  Max Mhz: 2000, Current Mhz: 2000, Mhz Limit: 2000
Processor Information for processor 2
  Max Mhz: 2000, Current Mhz: 2000, Mhz Limit: 2000
Processor Information for processor 3
  Max Mhz: 2000, Current Mhz: 2000, Mhz Limit: 2000
Processor Information for processor 4
  Max Mhz: 2000, Current Mhz: 2000, Mhz Limit: 2000
Processor Information for processor 5
  Max Mhz: 2000, Current Mhz: 2000, Mhz Limit: 2000
Processor Information for processor 6
  Max Mhz: 2000, Current Mhz: 2000, Mhz Limit: 2000
Processor Information for processor 7
  Max Mhz: 2000, Current Mhz: 2000, Mhz Limit: 2000
Processor Information for processor 8
  Max Mhz: 2000, Current Mhz: 1500, Mhz Limit: 1500
Processor Information for processor 9
  Max Mhz: 2000, Current Mhz: 1500, Mhz Limit: 1500
Processor Information for processor 10
  Max Mhz: 2000, Current Mhz: 1500, Mhz Limit: 1500
Processor Information for processor 11
  Max Mhz: 2000, Current Mhz: 1500, Mhz Limit: 1500

Memory: 4k page, system-wide physical 16088M (2103M free)
TotalPageFile size 19088M (AvailPageFile size 37M)
current process WorkingSet (physical memory assigned to process): 119M, peak: 119M
current process commit charge ("private bytes"): 160M, peak: 216M

vm_info: Java HotSpot(TM) 64-Bit Server VM (26.0.1+8-34) for windows-amd64 JRE (26.0.1+8-34), built on 2026-03-10T17:24:10Z with MS VC++ 17.13 (VS2022)

END.
